C:\git\coreclr (master -> origin)
λ build -skiptests -release
λ build -skiptests -skipnative -debug

C:\git\corefx (dicbackporting -> origin)
λ build.cmd -Release /p:CoreCLROverridePath=c:\git\coreclr\bin\Product\Windows_NT.x64.Release\
λ  msbuild /p:ConfigurationGroup=Release /p:CoreCLROverridePath=f:\git\coreclr\bin\Product\Windows_NT.x64.Release\ ./external/runtime/runtime.depproj

C:\git\corefx\src\System.Collections\tests (dicbackporting -> origin)
λ msbuild /t:rebuildandtest /v:m /p:xunitoptions="-method *Dictionary*"
λ msbuild /t:rebuildandtest /v:m /p:xunitoptions="-m *TryAdd_ItemAlreadyExists_DoesNotInvalidateEnumerator*"

C:\git\corefxupstream (master -> origin)
λ build -Release

D:\git\performance\src\benchmarks\micro (dicbackporting -> origin)
λ ..\..\..\tools\dotnet\x64\dotnet.exe run -c release -f netcoreapp3.0 -- --filter System.Collections.Add*.Dictionary --cli ..\..\..\tools\dotnet\x64\dotnet.exe --coreRun d:\git\corefx\artifacts\bin\testhost\netcoreapp-Windows_NT-Release-x64\shared\Microsoft.NETCore.App\9.9.9\CoreRun.exe --join

